[0m18:52:42.687872 [debug] [MainThread]: Sending event: {'category': 'dbt', 'action': 'invocation', 'label': 'start', 'context': [<snowplow_tracker.self_describing_json.SelfDescribingJson object at 0x000002C68FB12540>, <snowplow_tracker.self_describing_json.SelfDescribingJson object at 0x000002C68FAE3080>, <snowplow_tracker.self_describing_json.SelfDescribingJson object at 0x000002C68C451AC0>]}


============================== 18:52:42.696907 | 73b4be5e-fe52-47bb-bfce-66d1baefc471 ==============================
[0m18:52:42.696907 [info ] [MainThread]: Running with dbt=1.11.7
[0m18:52:42.697900 [debug] [MainThread]: running dbt with arguments {'static_parser': 'True', 'no_print': 'None', 'version_check': 'True', 'target_path': 'None', 'warn_error_options': 'WarnErrorOptionsV2(error=[], warn=[], silence=[])', 'printer_width': '80', 'write_json': 'True', 'introspect': 'True', 'log_cache_events': 'False', 'empty': 'None', 'cache_selected_only': 'False', 'fail_fast': 'False', 'debug': 'False', 'log_format': 'default', 'profiles_dir': 'C:\\Users\\Prathamesh shinde\\.dbt', 'send_anonymous_usage_stats': 'True', 'quiet': 'False', 'warn_error': 'None', 'partial_parse': 'True', 'indirect_selection': 'eager', 'invocation_command': 'dbt init --skip-profile-setup airbnb', 'use_colors': 'True', 'use_experimental_parser': 'False', 'log_path': 'logs'}
[0m18:52:42.935778 [info ] [MainThread]: Creating dbt configuration folder at C:\Users\Prathamesh shinde\.dbt
[0m18:52:42.943764 [debug] [MainThread]: Starter project path: C:\Users\Prathamesh shinde\OneDrive\Desktop\dbt\course\.venv\Lib\site-packages\dbt\include\starter_project
[0m18:52:42.996061 [info ] [MainThread]: 
Your new dbt project "airbnb" was created!

For more information on how to configure the profiles.yml file,
please consult the dbt documentation here:

  https://docs.getdbt.com/docs/configure-your-profile

One more thing:

Need help? Don't hesitate to reach out to us via GitHub issues or on Slack:

  https://community.getdbt.com/

Happy modeling!

[0m18:52:42.998054 [debug] [MainThread]: Command `dbt init` succeeded at 18:52:42.998054 after 0.52 seconds
[0m18:52:42.999563 [debug] [MainThread]: Sending event: {'category': 'dbt', 'action': 'invocation', 'label': 'end', 'context': [<snowplow_tracker.self_describing_json.SelfDescribingJson object at 0x000002C68FD5D760>, <snowplow_tracker.self_describing_json.SelfDescribingJson object at 0x000002C690451E20>, <snowplow_tracker.self_describing_json.SelfDescribingJson object at 0x000002C690451100>]}
[0m18:52:43.001576 [debug] [MainThread]: Flushing usage events
[0m18:52:44.477316 [debug] [MainThread]: An error was encountered while trying to flush usage events
[0m16:40:35.467085 [debug] [MainThread]: Sending event: {'category': 'dbt', 'action': 'invocation', 'label': 'start', 'context': [<snowplow_tracker.self_describing_json.SelfDescribingJson object at 0x0000020034CAD250>, <snowplow_tracker.self_describing_json.SelfDescribingJson object at 0x0000020034CAD2B0>, <snowplow_tracker.self_describing_json.SelfDescribingJson object at 0x0000020034C84530>]}


============================== 16:40:35.480135 | f1268d64-dfea-42fb-8609-01f0ae2ad7f5 ==============================
[0m16:40:35.480135 [info ] [MainThread]: Running with dbt=1.11.7
[0m16:40:35.481125 [debug] [MainThread]: running dbt with arguments {'version_check': 'True', 'no_print': 'None', 'static_parser': 'True', 'target_path': 'None', 'warn_error_options': 'WarnErrorOptionsV2(error=[], warn=[], silence=[])', 'printer_width': '80', 'write_json': 'True', 'introspect': 'True', 'log_cache_events': 'False', 'empty': 'None', 'cache_selected_only': 'False', 'fail_fast': 'False', 'debug': 'False', 'log_format': 'default', 'partial_parse': 'True', 'send_anonymous_usage_stats': 'True', 'quiet': 'False', 'warn_error': 'None', 'profiles_dir': 'C:\\Users\\Prathamesh shinde\\.dbt', 'indirect_selection': 'eager', 'invocation_command': 'dbt test', 'use_colors': 'True', 'use_experimental_parser': 'False', 'log_path': 'logs'}
[0m16:40:35.483124 [error] [MainThread]: Encountered an error:
Runtime Error
  No dbt_project.yml found at expected path C:\Users\Prathamesh shinde\OneDrive\Desktop\dbt\course\dbt_project.yml
  Verify that each entry within packages.yml (and their transitive dependencies) contains a file named dbt_project.yml
  
[0m16:40:35.485122 [debug] [MainThread]: Command `dbt test` failed at 16:40:35.485122 after 0.34 seconds
[0m16:40:35.486122 [debug] [MainThread]: Sending event: {'category': 'dbt', 'action': 'invocation', 'label': 'end', 'context': [<snowplow_tracker.self_describing_json.SelfDescribingJson object at 0x0000020034CAD250>, <snowplow_tracker.self_describing_json.SelfDescribingJson object at 0x0000020034CAD2B0>, <snowplow_tracker.self_describing_json.SelfDescribingJson object at 0x0000020034C86600>]}
[0m16:40:35.488190 [debug] [MainThread]: Flushing usage events
[0m16:40:38.195049 [debug] [MainThread]: An error was encountered while trying to flush usage events
